// Vitest Snapshot v1

exports[`Accordion test > should match footer snapshot 1`] = `
<DocumentFragment>
  <footer
    class="sc-crXcEl bDkRPi"
  >
    <div
      class="sc-evZas hvxXYI"
    >
      <img
        alt=""
        class="sc-eCYdqJ wYxRX"
      />
    </div>
    <h2
      class="sc-gsnTZi civZXF"
      font-size="2.4"
    >
      How can we help? 
      <br />
      Contact us anytime
    </h2>
    <div
      class="sc-breuTD iezqKN"
    >
      <div
        class="sc-ksZaOG jFBuDt"
      >
        <span
          aria-label="phone"
          class="anticon anticon-phone"
          role="img"
        >
          <svg
            aria-hidden="true"
            data-icon="phone"
            fill="currentColor"
            focusable="false"
            height="1em"
            viewBox="64 64 896 896"
            width="1em"
          >
            <path
              d="M885.6 230.2L779.1 123.8a80.83 80.83 0 00-57.3-23.8c-21.7 0-42.1 8.5-57.4 23.8L549.8 238.4a80.83 80.83 0 00-23.8 57.3c0 21.7 8.5 42.1 23.8 57.4l83.8 83.8A393.82 393.82 0 01553.1 553 395.34 395.34 0 01437 633.8L353.2 550a80.83 80.83 0 00-57.3-23.8c-21.7 0-42.1 8.5-57.4 23.8L123.8 664.5a80.89 80.89 0 00-23.8 57.4c0 21.7 8.5 42.1 23.8 57.4l106.3 106.3c24.4 24.5 58.1 38.4 92.7 38.4 7.3 0 14.3-.6 21.2-1.8 134.8-22.2 268.5-93.9 376.4-201.7C828.2 612.8 899.8 479.2 922.3 344c6.8-41.3-6.9-83.8-36.7-113.8z"
            />
          </svg>
        </span>
        <a
          href="tel:+1-844-844-8444"
        />
      </div>
      <div
        class="sc-ksZaOG jFBuDt"
      >
        <span
          aria-label="mail"
          class="anticon anticon-mail"
          role="img"
        >
          <svg
            aria-hidden="true"
            data-icon="mail"
            fill="currentColor"
            focusable="false"
            height="1em"
            viewBox="64 64 896 896"
            width="1em"
          >
            <path
              d="M928 160H96c-17.7 0-32 14.3-32 32v640c0 17.7 14.3 32 32 32h832c17.7 0 32-14.3 32-32V192c0-17.7-14.3-32-32-32zm-80.8 108.9L531.7 514.4c-7.8 6.1-18.7 6.1-26.5 0L189.6 268.9A7.2 7.2 0 01194 256h648.8a7.2 7.2 0 014.4 12.9z"
            />
          </svg>
        </span>
        <a
          href="mailto:"
        />
      </div>
    </div>
  </footer>
  <div
    class="sc-iBkjds sc-hAZoDl kwMleC lmYzII"
    direction="row"
    width="100%"
    wrap="wrap"
  >
    <div>
      <p>
        lorem ipsum is simply a dummy test
      </p>
      <a
        align="center"
        class="sc-papXJ ngfJ"
        hovercolor="white"
        href="/terms_and_conditions"
        size="1"
      >
        Terms and conditions
      </a>
    </div>
    <div
      class="sc-fnykZs bJDjZx"
      role="link"
    >
      <span
        aria-label="facebook"
        class="anticon anticon-facebook"
        role="img"
        tabindex="-1"
      >
        <svg
          aria-hidden="true"
          data-icon="facebook"
          fill="currentColor"
          focusable="false"
          height="1em"
          viewBox="64 64 896 896"
          width="1em"
        >
          <path
            d="M880 112H144c-17.7 0-32 14.3-32 32v736c0 17.7 14.3 32 32 32h736c17.7 0 32-14.3 32-32V144c0-17.7-14.3-32-32-32zm-92.4 233.5h-63.9c-50.1 0-59.8 23.8-59.8 58.8v77.1h119.6l-15.6 120.7h-104V912H539.2V602.2H434.9V481.4h104.3v-89c0-103.3 63.1-159.6 155.3-159.6 44.2 0 82.1 3.3 93.2 4.8v107.9z"
          />
        </svg>
      </span>
      <span
        aria-label="linkedin"
        class="anticon anticon-linkedin"
        role="img"
        tabindex="-1"
      >
        <svg
          aria-hidden="true"
          data-icon="linkedin"
          fill="currentColor"
          focusable="false"
          height="1em"
          viewBox="64 64 896 896"
          width="1em"
        >
          <path
            d="M880 112H144c-17.7 0-32 14.3-32 32v736c0 17.7 14.3 32 32 32h736c17.7 0 32-14.3 32-32V144c0-17.7-14.3-32-32-32zM349.3 793.7H230.6V411.9h118.7v381.8zm-59.3-434a68.8 68.8 0 1168.8-68.8c-.1 38-30.9 68.8-68.8 68.8zm503.7 434H675.1V608c0-44.3-.8-101.2-61.7-101.2-61.7 0-71.2 48.2-71.2 98v188.9H423.7V411.9h113.8v52.2h1.6c15.8-30 54.5-61.7 112.3-61.7 120.2 0 142.3 79.1 142.3 181.9v209.4z"
          />
        </svg>
      </span>
      <span
        aria-label="twitter"
        class="anticon anticon-twitter"
        role="img"
        tabindex="-1"
      >
        <svg
          aria-hidden="true"
          data-icon="twitter"
          fill="currentColor"
          focusable="false"
          height="1em"
          viewBox="64 64 896 896"
          width="1em"
        >
          <path
            d="M928 254.3c-30.6 13.2-63.9 22.7-98.2 26.4a170.1 170.1 0 0075-94 336.64 336.64 0 01-108.2 41.2A170.1 170.1 0 00672 174c-94.5 0-170.5 76.6-170.5 170.6 0 13.2 1.6 26.4 4.2 39.1-141.5-7.4-267.7-75-351.6-178.5a169.32 169.32 0 00-23.2 86.1c0 59.2 30.1 111.4 76 142.1a172 172 0 01-77.1-21.7v2.1c0 82.9 58.6 151.6 136.7 167.4a180.6 180.6 0 01-44.9 5.8c-11.1 0-21.6-1.1-32.2-2.6C211 652 273.9 701.1 348.8 702.7c-58.6 45.9-132 72.9-211.7 72.9-14.3 0-27.5-.5-41.2-2.1C171.5 822 261.2 850 357.8 850 671.4 850 843 590.2 843 364.7c0-7.4 0-14.8-.5-22.2 33.2-24.3 62.3-54.4 85.5-88.2z"
          />
        </svg>
      </span>
      <span
        aria-label="instagram"
        class="anticon anticon-instagram"
        role="img"
        tabindex="-1"
      >
        <svg
          aria-hidden="true"
          data-icon="instagram"
          fill="currentColor"
          focusable="false"
          height="1em"
          viewBox="64 64 896 896"
          width="1em"
        >
          <path
            d="M512 306.9c-113.5 0-205.1 91.6-205.1 205.1S398.5 717.1 512 717.1 717.1 625.5 717.1 512 625.5 306.9 512 306.9zm0 338.4c-73.4 0-133.3-59.9-133.3-133.3S438.6 378.7 512 378.7 645.3 438.6 645.3 512 585.4 645.3 512 645.3zm213.5-394.6c-26.5 0-47.9 21.4-47.9 47.9s21.4 47.9 47.9 47.9 47.9-21.3 47.9-47.9a47.84 47.84 0 00-47.9-47.9zM911.8 512c0-55.2.5-109.9-2.6-165-3.1-64-17.7-120.8-64.5-167.6-46.9-46.9-103.6-61.4-167.6-64.5-55.2-3.1-109.9-2.6-165-2.6-55.2 0-109.9-.5-165 2.6-64 3.1-120.8 17.7-167.6 64.5C132.6 226.3 118.1 283 115 347c-3.1 55.2-2.6 109.9-2.6 165s-.5 109.9 2.6 165c3.1 64 17.7 120.8 64.5 167.6 46.9 46.9 103.6 61.4 167.6 64.5 55.2 3.1 109.9 2.6 165 2.6 55.2 0 109.9.5 165-2.6 64-3.1 120.8-17.7 167.6-64.5 46.9-46.9 61.4-103.6 64.5-167.6 3.2-55.1 2.6-109.8 2.6-165zm-88 235.8c-7.3 18.2-16.1 31.8-30.2 45.8-14.1 14.1-27.6 22.9-45.8 30.2C695.2 844.7 570.3 840 512 840c-58.3 0-183.3 4.7-235.9-16.1-18.2-7.3-31.8-16.1-45.8-30.2-14.1-14.1-22.9-27.6-30.2-45.8C179.3 695.2 184 570.3 184 512c0-58.3-4.7-183.3 16.1-235.9 7.3-18.2 16.1-31.8 30.2-45.8s27.6-22.9 45.8-30.2C328.7 179.3 453.7 184 512 184s183.3-4.7 235.9 16.1c18.2 7.3 31.8 16.1 45.8 30.2 14.1 14.1 22.9 27.6 30.2 45.8C844.7 328.7 840 453.7 840 512c0 58.3 4.7 183.2-16.2 235.8z"
          />
        </svg>
      </span>
      <span
        aria-label="global"
        class="anticon anticon-global"
        role="img"
        tabindex="-1"
      >
        <svg
          aria-hidden="true"
          data-icon="global"
          fill="currentColor"
          focusable="false"
          height="1em"
          viewBox="64 64 896 896"
          width="1em"
        >
          <path
            d="M854.4 800.9c.2-.3.5-.6.7-.9C920.6 722.1 960 621.7 960 512s-39.4-210.1-104.8-288c-.2-.3-.5-.5-.7-.8-1.1-1.3-2.1-2.5-3.2-3.7-.4-.5-.8-.9-1.2-1.4l-4.1-4.7-.1-.1c-1.5-1.7-3.1-3.4-4.6-5.1l-.1-.1c-3.2-3.4-6.4-6.8-9.7-10.1l-.1-.1-4.8-4.8-.3-.3c-1.5-1.5-3-2.9-4.5-4.3-.5-.5-1-1-1.6-1.5-1-1-2-1.9-3-2.8-.3-.3-.7-.6-1-1C736.4 109.2 629.5 64 512 64s-224.4 45.2-304.3 119.2c-.3.3-.7.6-1 1-1 .9-2 1.9-3 2.9-.5.5-1 1-1.6 1.5-1.5 1.4-3 2.9-4.5 4.3l-.3.3-4.8 4.8-.1.1c-3.3 3.3-6.5 6.7-9.7 10.1l-.1.1c-1.6 1.7-3.1 3.4-4.6 5.1l-.1.1c-1.4 1.5-2.8 3.1-4.1 4.7-.4.5-.8.9-1.2 1.4-1.1 1.2-2.1 2.5-3.2 3.7-.2.3-.5.5-.7.8C103.4 301.9 64 402.3 64 512s39.4 210.1 104.8 288c.2.3.5.6.7.9l3.1 3.7c.4.5.8.9 1.2 1.4l4.1 4.7c0 .1.1.1.1.2 1.5 1.7 3 3.4 4.6 5l.1.1c3.2 3.4 6.4 6.8 9.6 10.1l.1.1c1.6 1.6 3.1 3.2 4.7 4.7l.3.3c3.3 3.3 6.7 6.5 10.1 9.6 80.1 74 187 119.2 304.5 119.2s224.4-45.2 304.3-119.2a300 300 0 0010-9.6l.3-.3c1.6-1.6 3.2-3.1 4.7-4.7l.1-.1c3.3-3.3 6.5-6.7 9.6-10.1l.1-.1c1.5-1.7 3.1-3.3 4.6-5 0-.1.1-.1.1-.2 1.4-1.5 2.8-3.1 4.1-4.7.4-.5.8-.9 1.2-1.4a99 99 0 003.3-3.7zm4.1-142.6c-13.8 32.6-32 62.8-54.2 90.2a444.07 444.07 0 00-81.5-55.9c11.6-46.9 18.8-98.4 20.7-152.6H887c-3 40.9-12.6 80.6-28.5 118.3zM887 484H743.5c-1.9-54.2-9.1-105.7-20.7-152.6 29.3-15.6 56.6-34.4 81.5-55.9A373.86 373.86 0 01887 484zM658.3 165.5c39.7 16.8 75.8 40 107.6 69.2a394.72 394.72 0 01-59.4 41.8c-15.7-45-35.8-84.1-59.2-115.4 3.7 1.4 7.4 2.9 11 4.4zm-90.6 700.6c-9.2 7.2-18.4 12.7-27.7 16.4V697a389.1 389.1 0 01115.7 26.2c-8.3 24.6-17.9 47.3-29 67.8-17.4 32.4-37.8 58.3-59 75.1zm59-633.1c11 20.6 20.7 43.3 29 67.8A389.1 389.1 0 01540 327V141.6c9.2 3.7 18.5 9.1 27.7 16.4 21.2 16.7 41.6 42.6 59 75zM540 640.9V540h147.5c-1.6 44.2-7.1 87.1-16.3 127.8l-.3 1.2A445.02 445.02 0 00540 640.9zm0-156.9V383.1c45.8-2.8 89.8-12.5 130.9-28.1l.3 1.2c9.2 40.7 14.7 83.5 16.3 127.8H540zm-56 56v100.9c-45.8 2.8-89.8 12.5-130.9 28.1l-.3-1.2c-9.2-40.7-14.7-83.5-16.3-127.8H484zm-147.5-56c1.6-44.2 7.1-87.1 16.3-127.8l.3-1.2c41.1 15.6 85 25.3 130.9 28.1V484H336.5zM484 697v185.4c-9.2-3.7-18.5-9.1-27.7-16.4-21.2-16.7-41.7-42.7-59.1-75.1-11-20.6-20.7-43.3-29-67.8 37.2-14.6 75.9-23.3 115.8-26.1zm0-370a389.1 389.1 0 01-115.7-26.2c8.3-24.6 17.9-47.3 29-67.8 17.4-32.4 37.8-58.4 59.1-75.1 9.2-7.2 18.4-12.7 27.7-16.4V327zM365.7 165.5c3.7-1.5 7.3-3 11-4.4-23.4 31.3-43.5 70.4-59.2 115.4-21-12-40.9-26-59.4-41.8 31.8-29.2 67.9-52.4 107.6-69.2zM165.5 365.7c13.8-32.6 32-62.8 54.2-90.2 24.9 21.5 52.2 40.3 81.5 55.9-11.6 46.9-18.8 98.4-20.7 152.6H137c3-40.9 12.6-80.6 28.5-118.3zM137 540h143.5c1.9 54.2 9.1 105.7 20.7 152.6a444.07 444.07 0 00-81.5 55.9A373.86 373.86 0 01137 540zm228.7 318.5c-39.7-16.8-75.8-40-107.6-69.2 18.5-15.8 38.4-29.7 59.4-41.8 15.7 45 35.8 84.1 59.2 115.4-3.7-1.4-7.4-2.9-11-4.4zm292.6 0c-3.7 1.5-7.3 3-11 4.4 23.4-31.3 43.5-70.4 59.2-115.4 21 12 40.9 26 59.4 41.8a373.81 373.81 0 01-107.6 69.2z"
          />
        </svg>
      </span>
    </div>
  </div>
  <aside
    aria-label="React Query Devtools"
    class="ReactQueryDevtools"
  >
    <div
      aria-label="React Query Devtools Panel"
      class="ReactQueryDevtoolsPanel"
      id="ReactQueryDevtoolsPanel"
      style="font-family: sans-serif; display: flex; background-color: rgb(11, 21, 33); color: white; position: fixed; bottom: 0px; right: 0px; z-index: 99999; width: 100%; height: 500px; max-height: 90%; box-shadow: 0 0 20px rgba(0,0,0,.3); border-top: 1px solid #3f4e60; transform-origin: top; visibility: hidden; transition: all .2s ease; opacity: 0; pointer-events: none; transform: translateY(15px) scale(1.02);"
    >
      <style>
        
            .ReactQueryDevtoolsPanel * {
              scrollbar-color: #132337 #3f4e60;
            }

            .ReactQueryDevtoolsPanel *::-webkit-scrollbar, .ReactQueryDevtoolsPanel scrollbar {
              width: 1em;
              height: 1em;
            }

            .ReactQueryDevtoolsPanel *::-webkit-scrollbar-track, .ReactQueryDevtoolsPanel scrollbar-track {
              background: #132337;
            }

            .ReactQueryDevtoolsPanel *::-webkit-scrollbar-thumb, .ReactQueryDevtoolsPanel scrollbar-thumb {
              background: #3f4e60;
              border-radius: .5em;
              border: 3px solid #132337;
            }
          
      </style>
      <div
        style="position: absolute; left: 0px; top: 0px; width: 100%; height: 4px; margin-bottom: -4px; cursor: row-resize; z-index: 100000;"
      />
      <div
        style="flex: 1 1 500px; min-height: 40%; max-height: 100%; overflow: auto; border-right: 1px solid #222e3e; display: none; flex-direction: column;"
      >
        <div
          style="padding: .5em; background: rgb(19, 35, 55); display: flex; justify-content: space-between; align-items: center;"
        >
          <button
            aria-controls="ReactQueryDevtoolsPanel"
            aria-expanded="true"
            aria-haspopup="true"
            aria-label="Close React Query Devtools"
            style="display: inline-flex; background: none; border: 0px; padding: 0px; margin-right: .5em; cursor: pointer;"
            type="button"
          >
            <svg
              aria-hidden="true"
              height="40px"
              version="1.1"
              viewBox="0 0 190 190"
              width="40px"
            >
              <g
                fill="none"
                fill-rule="evenodd"
                stroke="none"
                stroke-width="1"
              >
                <g
                  transform="translate(-33.000000, 0.000000)"
                >
                  <path
                    d="M72.7239712,61.3436237 C69.631224,46.362877 68.9675112,34.8727722 70.9666331,26.5293551 C72.1555965,21.5671678 74.3293088,17.5190846 77.6346064,14.5984631 C81.1241394,11.5150478 85.5360327,10.0020122 90.493257,10.0020122 C98.6712013,10.0020122 107.26826,13.7273214 116.455725,20.8044264 C120.20312,23.6910458 124.092437,27.170411 128.131651,31.2444746 C128.45314,30.8310265 128.816542,30.4410453 129.22143,30.0806152 C140.64098,19.9149716 150.255245,13.5989272 158.478408,11.1636507 C163.367899,9.715636 167.958526,9.57768202 172.138936,10.983031 C176.551631,12.4664684 180.06766,15.5329489 182.548314,19.8281091 C186.642288,26.9166735 187.721918,36.2310983 186.195595,47.7320243 C185.573451,52.4199112 184.50985,57.5263831 183.007094,63.0593153 C183.574045,63.1277086 184.142416,63.2532808 184.705041,63.4395297 C199.193932,68.2358678 209.453582,73.3937462 215.665021,79.2882839 C219.360669,82.7953831 221.773972,86.6998434 222.646365,91.0218204 C223.567176,95.5836746 222.669313,100.159332 220.191548,104.451297 C216.105211,111.529614 208.591643,117.11221 197.887587,121.534031 C193.589552,123.309539 188.726579,124.917559 183.293259,126.363748 C183.541176,126.92292 183.733521,127.516759 183.862138,128.139758 C186.954886,143.120505 187.618598,154.61061 185.619477,162.954027 C184.430513,167.916214 182.256801,171.964297 178.951503,174.884919 C175.46197,177.968334 171.050077,179.48137 166.092853,179.48137 C157.914908,179.48137 149.31785,175.756061 140.130385,168.678956 C136.343104,165.761613 132.410866,162.238839 128.325434,158.108619 C127.905075,158.765474 127.388968,159.376011 126.77857,159.919385 C115.35902,170.085028 105.744755,176.401073 97.5215915,178.836349 C92.6321009,180.284364 88.0414736,180.422318 83.8610636,179.016969 C79.4483686,177.533532 75.9323404,174.467051 73.4516862,170.171891 C69.3577116,163.083327 68.2780823,153.768902 69.8044053,142.267976 C70.449038,137.410634 71.56762,132.103898 73.1575891,126.339009 C72.5361041,126.276104 71.9120754,126.144816 71.2949591,125.940529 C56.8060684,121.144191 46.5464184,115.986312 40.3349789,110.091775 C36.6393312,106.584675 34.2260275,102.680215 33.3536352,98.3582381 C32.4328237,93.7963839 33.3306866,89.2207269 35.8084524,84.9287618 C39.8947886,77.8504443 47.4083565,72.2678481 58.1124133,67.8460273 C62.5385143,66.0176154 67.5637208,64.366822 73.1939394,62.8874674 C72.9933393,62.3969171 72.8349374,61.8811235 72.7239712,61.3436237 Z"
                    fill="#002C4B"
                    fill-rule="nonzero"
                    transform="translate(128.000000, 95.000000) scale(-1, 1) translate(-128.000000, -95.000000) "
                  />
                  <path
                    d="M113.396882,64 L142.608177,64 C144.399254,64 146.053521,64.958025 146.944933,66.5115174 L161.577138,92.0115174 C162.461464,93.5526583 162.461464,95.4473417 161.577138,96.9884826 L146.944933,122.488483 C146.053521,124.041975 144.399254,125 142.608177,125 L113.396882,125 C111.605806,125 109.951539,124.041975 109.060126,122.488483 L94.4279211,96.9884826 C93.543596,95.4473417 93.543596,93.5526583 94.4279211,92.0115174 L109.060126,66.5115174 C109.951539,64.958025 111.605806,64 113.396882,64 Z M138.987827,70.2765273 C140.779849,70.2765273 142.434839,71.2355558 143.325899,72.7903404 L154.343038,92.0138131 C155.225607,93.5537825 155.225607,95.4462175 154.343038,96.9861869 L143.325899,116.20966 C142.434839,117.764444 140.779849,118.723473 138.987827,118.723473 L117.017233,118.723473 C115.225211,118.723473 113.570221,117.764444 112.67916,116.20966 L101.662022,96.9861869 C100.779452,95.4462175 100.779452,93.5537825 101.662022,92.0138131 L112.67916,72.7903404 C113.570221,71.2355558 115.225211,70.2765273 117.017233,70.2765273 L138.987827,70.2765273 Z M135.080648,77.1414791 L120.924411,77.1414791 C119.134228,77.1414791 117.480644,78.0985567 116.5889,79.6508285 L116.5889,79.6508285 L109.489217,92.0093494 C108.603232,93.5515958 108.603232,95.4484042 109.489217,96.9906506 L109.489217,96.9906506 L116.5889,109.349172 C117.480644,110.901443 119.134228,111.858521 120.924411,111.858521 L120.924411,111.858521 L135.080648,111.858521 C136.870831,111.858521 138.524416,110.901443 139.41616,109.349172 L139.41616,109.349172 L146.515843,96.9906506 C147.401828,95.4484042 147.401828,93.5515958 146.515843,92.0093494 L146.515843,92.0093494 L139.41616,79.6508285 C138.524416,78.0985567 136.870831,77.1414791 135.080648,77.1414791 L135.080648,77.1414791 Z M131.319186,83.7122186 C133.108028,83.7122186 134.760587,84.6678753 135.652827,86.2183156 L138.983552,92.0060969 C139.87203,93.5500005 139.87203,95.4499995 138.983552,96.9939031 L135.652827,102.781684 C134.760587,104.332125 133.108028,105.287781 131.319186,105.287781 L124.685874,105.287781 C122.897032,105.287781 121.244473,104.332125 120.352233,102.781684 L117.021508,96.9939031 C116.13303,95.4499995 116.13303,93.5500005 117.021508,92.0060969 L120.352233,86.2183156 C121.244473,84.6678753 122.897032,83.7122186 124.685874,83.7122186 L131.319186,83.7122186 Z M128.003794,90.1848875 C126.459294,90.1848875 125.034382,91.0072828 124.263005,92.3424437 C123.491732,93.6774232 123.491732,95.3225768 124.263005,96.6575563 C125.034382,97.9927172 126.459294,98.8151125 128.001266,98.8151125 L128.001266,98.8151125 C129.545766,98.8151125 130.970678,97.9927172 131.742055,96.6575563 C132.513327,95.3225768 132.513327,93.6774232 131.742055,92.3424437 C130.970678,91.0072828 129.545766,90.1848875 128.003794,90.1848875 L128.003794,90.1848875 Z M93,94.5009646 L100.767764,94.5009646"
                    fill="#FFD94C"
                  />
                  <path
                    d="M87.8601729,108.357758 C89.1715224,107.608286 90.8360246,108.074601 91.5779424,109.399303 L91.5779424,109.399303 L92.0525843,110.24352 C95.8563392,116.982993 99.8190116,123.380176 103.940602,129.435068 C108.807881,136.585427 114.28184,143.82411 120.362479,151.151115 C121.316878,152.30114 121.184944,154.011176 120.065686,154.997937 L120.065686,154.997937 L119.454208,155.534625 C99.3465389,173.103314 86.2778188,176.612552 80.2480482,166.062341 C74.3500652,155.742717 76.4844915,136.982888 86.6513274,109.782853 C86.876818,109.179582 87.3045861,108.675291 87.8601729,108.357758 Z M173.534177,129.041504 C174.986131,128.785177 176.375496,129.742138 176.65963,131.194242 L176.65963,131.194242 L176.812815,131.986376 C181.782365,157.995459 178.283348,171 166.315764,171 C154.609745,171 139.708724,159.909007 121.612702,137.727022 C121.211349,137.235047 120.994572,136.617371 121,135.981509 C121.013158,134.480686 122.235785,133.274651 123.730918,133.287756 L123.730918,133.287756 L124.684654,133.294531 C132.305698,133.335994 139.714387,133.071591 146.910723,132.501323 C155.409039,131.82788 164.283523,130.674607 173.534177,129.041504 Z M180.408726,73.8119663 C180.932139,72.4026903 182.508386,71.6634537 183.954581,72.149012 L183.954581,72.149012 L184.742552,72.4154854 C210.583763,81.217922 220.402356,90.8916805 214.198332,101.436761 C208.129904,111.751366 190.484347,119.260339 161.26166,123.963678 C160.613529,124.067994 159.948643,123.945969 159.382735,123.618843 C158.047025,122.846729 157.602046,121.158214 158.388848,119.847438 L158.388848,119.847438 L158.889328,119.0105 C162.877183,112.31633 166.481358,105.654262 169.701854,99.0242957 C173.50501,91.1948179 177.073967,82.7907081 180.408726,73.8119663 Z M94.7383398,66.0363218 C95.3864708,65.9320063 96.0513565,66.0540315 96.6172646,66.3811573 C97.9529754,67.153271 98.3979538,68.8417862 97.6111517,70.1525615 L97.6111517,70.1525615 L97.1106718,70.9895001 C93.1228168,77.6836699 89.5186416,84.3457379 86.2981462,90.9757043 C82.49499,98.8051821 78.9260328,107.209292 75.5912744,116.188034 C75.0678608,117.59731 73.4916142,118.336546 72.045419,117.850988 L72.045419,117.850988 L71.2574475,117.584515 C45.4162372,108.782078 35.597644,99.1083195 41.8016679,88.5632391 C47.8700957,78.2486335 65.515653,70.7396611 94.7383398,66.0363218 Z M136.545792,34.4653746 C156.653461,16.8966864 169.722181,13.3874478 175.751952,23.9376587 C181.649935,34.2572826 179.515508,53.0171122 169.348673,80.2171474 C169.123182,80.8204179 168.695414,81.324709 168.139827,81.6422422 C166.828478,82.3917144 165.163975,81.9253986 164.422058,80.6006966 L164.422058,80.6006966 L163.947416,79.7564798 C160.143661,73.0170065 156.180988,66.6198239 152.059398,60.564932 C147.192119,53.4145727 141.71816,46.1758903 135.637521,38.8488847 C134.683122,37.6988602 134.815056,35.9888243 135.934314,35.0020629 L135.934314,35.0020629 Z M90.6842361,18 C102.390255,18 117.291276,29.0909926 135.387298,51.2729777 C135.788651,51.7649527 136.005428,52.3826288 136,53.0184911 C135.986842,54.5193144 134.764215,55.7253489 133.269082,55.7122445 L133.269082,55.7122445 L132.315346,55.7054689 C124.694302,55.6640063 117.285613,55.9284091 110.089277,56.4986773 C101.590961,57.17212 92.7164767,58.325393 83.4658235,59.9584962 C82.0138691,60.2148231 80.6245044,59.2578618 80.3403697,57.805758 L80.3403697,57.805758 L80.1871846,57.0136235 C75.2176347,31.0045412 78.7166519,18 90.6842361,18 Z"
                    fill="#FF4154"
                  />
                </g>
              </g>
            </svg>
            <span
              style="position: absolute; width: 0.1px; height: 0.1px; overflow: hidden;"
            >
              Close React Query Devtools
            </span>
          </button>
          <div
            style="display: flex; flex-direction: column;"
          >
            <span
              style="display: inline-block; font-size: 0.9em; margin-bottom: .5em;"
            >
              <span
                style="display: inline-flex; align-items: center; padding: .2em .4em; font-weight: bold; text-shadow: 0 0 10px black; border-radius: .2em; background: rgb(0, 171, 82); opacity: 0.3;"
              >
                fresh 
                <code
                  style="font-size: .9em;"
                >
                  (0)
                </code>
              </span>
               
              <span
                style="display: inline-flex; align-items: center; padding: .2em .4em; font-weight: bold; text-shadow: 0 0 10px black; border-radius: .2em; background: rgb(0, 107, 255); opacity: 0.3;"
              >
                fetching 
                <code
                  style="font-size: .9em;"
                >
                  (0)
                </code>
              </span>
               
              <span
                style="display: inline-flex; align-items: center; padding: .2em .4em; font-weight: bold; text-shadow: 0 0 10px black; border-radius: .2em; background: rgb(140, 73, 235); opacity: 0.3;"
              >
                paused 
                <code
                  style="font-size: .9em;"
                >
                  (0)
                </code>
              </span>
               
              <span
                style="display: inline-flex; align-items: center; padding: .2em .4em; font-weight: bold; text-shadow: 0; border-radius: .2em; background: rgb(255, 178, 0); color: black; opacity: 0.3;"
              >
                stale 
                <code
                  style="font-size: .9em;"
                >
                  (0)
                </code>
              </span>
               
              <span
                style="display: inline-flex; align-items: center; padding: .2em .4em; font-weight: bold; text-shadow: 0 0 10px black; border-radius: .2em; background: rgb(63, 78, 96); opacity: 0.3;"
              >
                inactive 
                <code
                  style="font-size: .9em;"
                >
                  (0)
                </code>
              </span>
            </span>
            <div
              style="display: flex; align-items: center;"
            >
              <input
                aria-label="Filter by queryhash"
                placeholder="Filter"
                style="background-color: rgb(255, 255, 255); border: 0px; border-radius: .2em; color: rgb(0, 0, 0); font-size: .9em; line-height: 1.3; padding: .3em .4em; flex: 1; margin-right: .5em; width: 100%;"
                value=""
              />
              <select
                aria-label="Sort queries"
                style="display: inline-block; font-size: .9em; font-family: sans-serif; font-weight: normal; line-height: 1.3; padding: .3em 1.5em .3em .5em; height: auto; border: 0px; border-radius: .2em; appearance: none; background-color: rgb(255, 255, 255); background-repeat: no-repeat; background-size: .65em auto, 100%; color: rgb(0, 0, 0); flex: 1; min-width: 75px; margin-right: .5em;"
              >
                <option
                  value="Status > Last Updated"
                >
                  Sort by Status &gt; Last Updated
                </option>
                <option
                  value="Query Hash"
                >
                  Sort by Query Hash
                </option>
                <option
                  value="Last Updated"
                >
                  Sort by Last Updated
                </option>
              </select>
              <button
                style="appearance: none; font-size: .9em; font-weight: bold; background: rgb(63, 78, 96); border: 0px; border-radius: .3em; color: white; padding: .3em .4em; cursor: pointer; margin-right: .5em;"
                type="button"
              >
                ⬆ Asc
              </button>
              <button
                aria-label="Mock offline behavior"
                style="appearance: none; font-size: .9em; font-weight: bold; background: rgb(63, 78, 96); border: 0px; border-radius: .3em; color: white; padding: 0px; cursor: pointer; height: 2em;"
                title="Mock offline behavior"
                type="button"
              >
                <svg
                  fill="none"
                  height="2em"
                  stroke="currentColor"
                  viewBox="0 0 24 24"
                  width="2em"
                  xmlns="http://www.w3.org/2000/svg"
                >
                  <path
                    d="M0 0h24v24H0z"
                    fill="none"
                    stroke="none"
                  />
                  <line
                    x1="12"
                    x2="12.01"
                    y1="18"
                    y2="18"
                  />
                  <path
                    d="M9.172 15.172a4 4 0 0 1 5.656 0"
                  />
                  <path
                    d="M6.343 12.343a8 8 0 0 1 11.314 0"
                  />
                  <path
                    d="M3.515 9.515c4.686 -4.687 12.284 -4.687 17 0"
                  />
                </svg>
                <span
                  style="position: absolute; width: 0.1px; height: 0.1px; overflow: hidden;"
                >
                  Mock offline behavior
                </span>
              </button>
            </div>
          </div>
        </div>
        <div
          style="overflow-y: auto; flex: 1;"
        />
      </div>
    </div>
    <button
      aria-controls="ReactQueryDevtoolsPanel"
      aria-expanded="false"
      aria-haspopup="true"
      aria-label="Open React Query Devtools"
      style="background: none; border: 0px; padding: 0px; position: fixed; z-index: 99999; display: inline-flex; font-size: 1.5em; margin: .5em; cursor: pointer; bottom: 0px; left: 0px;"
      type="button"
    >
      <svg
        aria-hidden="true"
        height="40px"
        version="1.1"
        viewBox="0 0 190 190"
        width="40px"
      >
        <g
          fill="none"
          fill-rule="evenodd"
          stroke="none"
          stroke-width="1"
        >
          <g
            transform="translate(-33.000000, 0.000000)"
          >
            <path
              d="M72.7239712,61.3436237 C69.631224,46.362877 68.9675112,34.8727722 70.9666331,26.5293551 C72.1555965,21.5671678 74.3293088,17.5190846 77.6346064,14.5984631 C81.1241394,11.5150478 85.5360327,10.0020122 90.493257,10.0020122 C98.6712013,10.0020122 107.26826,13.7273214 116.455725,20.8044264 C120.20312,23.6910458 124.092437,27.170411 128.131651,31.2444746 C128.45314,30.8310265 128.816542,30.4410453 129.22143,30.0806152 C140.64098,19.9149716 150.255245,13.5989272 158.478408,11.1636507 C163.367899,9.715636 167.958526,9.57768202 172.138936,10.983031 C176.551631,12.4664684 180.06766,15.5329489 182.548314,19.8281091 C186.642288,26.9166735 187.721918,36.2310983 186.195595,47.7320243 C185.573451,52.4199112 184.50985,57.5263831 183.007094,63.0593153 C183.574045,63.1277086 184.142416,63.2532808 184.705041,63.4395297 C199.193932,68.2358678 209.453582,73.3937462 215.665021,79.2882839 C219.360669,82.7953831 221.773972,86.6998434 222.646365,91.0218204 C223.567176,95.5836746 222.669313,100.159332 220.191548,104.451297 C216.105211,111.529614 208.591643,117.11221 197.887587,121.534031 C193.589552,123.309539 188.726579,124.917559 183.293259,126.363748 C183.541176,126.92292 183.733521,127.516759 183.862138,128.139758 C186.954886,143.120505 187.618598,154.61061 185.619477,162.954027 C184.430513,167.916214 182.256801,171.964297 178.951503,174.884919 C175.46197,177.968334 171.050077,179.48137 166.092853,179.48137 C157.914908,179.48137 149.31785,175.756061 140.130385,168.678956 C136.343104,165.761613 132.410866,162.238839 128.325434,158.108619 C127.905075,158.765474 127.388968,159.376011 126.77857,159.919385 C115.35902,170.085028 105.744755,176.401073 97.5215915,178.836349 C92.6321009,180.284364 88.0414736,180.422318 83.8610636,179.016969 C79.4483686,177.533532 75.9323404,174.467051 73.4516862,170.171891 C69.3577116,163.083327 68.2780823,153.768902 69.8044053,142.267976 C70.449038,137.410634 71.56762,132.103898 73.1575891,126.339009 C72.5361041,126.276104 71.9120754,126.144816 71.2949591,125.940529 C56.8060684,121.144191 46.5464184,115.986312 40.3349789,110.091775 C36.6393312,106.584675 34.2260275,102.680215 33.3536352,98.3582381 C32.4328237,93.7963839 33.3306866,89.2207269 35.8084524,84.9287618 C39.8947886,77.8504443 47.4083565,72.2678481 58.1124133,67.8460273 C62.5385143,66.0176154 67.5637208,64.366822 73.1939394,62.8874674 C72.9933393,62.3969171 72.8349374,61.8811235 72.7239712,61.3436237 Z"
              fill="#002C4B"
              fill-rule="nonzero"
              transform="translate(128.000000, 95.000000) scale(-1, 1) translate(-128.000000, -95.000000) "
            />
            <path
              d="M113.396882,64 L142.608177,64 C144.399254,64 146.053521,64.958025 146.944933,66.5115174 L161.577138,92.0115174 C162.461464,93.5526583 162.461464,95.4473417 161.577138,96.9884826 L146.944933,122.488483 C146.053521,124.041975 144.399254,125 142.608177,125 L113.396882,125 C111.605806,125 109.951539,124.041975 109.060126,122.488483 L94.4279211,96.9884826 C93.543596,95.4473417 93.543596,93.5526583 94.4279211,92.0115174 L109.060126,66.5115174 C109.951539,64.958025 111.605806,64 113.396882,64 Z M138.987827,70.2765273 C140.779849,70.2765273 142.434839,71.2355558 143.325899,72.7903404 L154.343038,92.0138131 C155.225607,93.5537825 155.225607,95.4462175 154.343038,96.9861869 L143.325899,116.20966 C142.434839,117.764444 140.779849,118.723473 138.987827,118.723473 L117.017233,118.723473 C115.225211,118.723473 113.570221,117.764444 112.67916,116.20966 L101.662022,96.9861869 C100.779452,95.4462175 100.779452,93.5537825 101.662022,92.0138131 L112.67916,72.7903404 C113.570221,71.2355558 115.225211,70.2765273 117.017233,70.2765273 L138.987827,70.2765273 Z M135.080648,77.1414791 L120.924411,77.1414791 C119.134228,77.1414791 117.480644,78.0985567 116.5889,79.6508285 L116.5889,79.6508285 L109.489217,92.0093494 C108.603232,93.5515958 108.603232,95.4484042 109.489217,96.9906506 L109.489217,96.9906506 L116.5889,109.349172 C117.480644,110.901443 119.134228,111.858521 120.924411,111.858521 L120.924411,111.858521 L135.080648,111.858521 C136.870831,111.858521 138.524416,110.901443 139.41616,109.349172 L139.41616,109.349172 L146.515843,96.9906506 C147.401828,95.4484042 147.401828,93.5515958 146.515843,92.0093494 L146.515843,92.0093494 L139.41616,79.6508285 C138.524416,78.0985567 136.870831,77.1414791 135.080648,77.1414791 L135.080648,77.1414791 Z M131.319186,83.7122186 C133.108028,83.7122186 134.760587,84.6678753 135.652827,86.2183156 L138.983552,92.0060969 C139.87203,93.5500005 139.87203,95.4499995 138.983552,96.9939031 L135.652827,102.781684 C134.760587,104.332125 133.108028,105.287781 131.319186,105.287781 L124.685874,105.287781 C122.897032,105.287781 121.244473,104.332125 120.352233,102.781684 L117.021508,96.9939031 C116.13303,95.4499995 116.13303,93.5500005 117.021508,92.0060969 L120.352233,86.2183156 C121.244473,84.6678753 122.897032,83.7122186 124.685874,83.7122186 L131.319186,83.7122186 Z M128.003794,90.1848875 C126.459294,90.1848875 125.034382,91.0072828 124.263005,92.3424437 C123.491732,93.6774232 123.491732,95.3225768 124.263005,96.6575563 C125.034382,97.9927172 126.459294,98.8151125 128.001266,98.8151125 L128.001266,98.8151125 C129.545766,98.8151125 130.970678,97.9927172 131.742055,96.6575563 C132.513327,95.3225768 132.513327,93.6774232 131.742055,92.3424437 C130.970678,91.0072828 129.545766,90.1848875 128.003794,90.1848875 L128.003794,90.1848875 Z M93,94.5009646 L100.767764,94.5009646"
              fill="#FFD94C"
            />
            <path
              d="M87.8601729,108.357758 C89.1715224,107.608286 90.8360246,108.074601 91.5779424,109.399303 L91.5779424,109.399303 L92.0525843,110.24352 C95.8563392,116.982993 99.8190116,123.380176 103.940602,129.435068 C108.807881,136.585427 114.28184,143.82411 120.362479,151.151115 C121.316878,152.30114 121.184944,154.011176 120.065686,154.997937 L120.065686,154.997937 L119.454208,155.534625 C99.3465389,173.103314 86.2778188,176.612552 80.2480482,166.062341 C74.3500652,155.742717 76.4844915,136.982888 86.6513274,109.782853 C86.876818,109.179582 87.3045861,108.675291 87.8601729,108.357758 Z M173.534177,129.041504 C174.986131,128.785177 176.375496,129.742138 176.65963,131.194242 L176.65963,131.194242 L176.812815,131.986376 C181.782365,157.995459 178.283348,171 166.315764,171 C154.609745,171 139.708724,159.909007 121.612702,137.727022 C121.211349,137.235047 120.994572,136.617371 121,135.981509 C121.013158,134.480686 122.235785,133.274651 123.730918,133.287756 L123.730918,133.287756 L124.684654,133.294531 C132.305698,133.335994 139.714387,133.071591 146.910723,132.501323 C155.409039,131.82788 164.283523,130.674607 173.534177,129.041504 Z M180.408726,73.8119663 C180.932139,72.4026903 182.508386,71.6634537 183.954581,72.149012 L183.954581,72.149012 L184.742552,72.4154854 C210.583763,81.217922 220.402356,90.8916805 214.198332,101.436761 C208.129904,111.751366 190.484347,119.260339 161.26166,123.963678 C160.613529,124.067994 159.948643,123.945969 159.382735,123.618843 C158.047025,122.846729 157.602046,121.158214 158.388848,119.847438 L158.388848,119.847438 L158.889328,119.0105 C162.877183,112.31633 166.481358,105.654262 169.701854,99.0242957 C173.50501,91.1948179 177.073967,82.7907081 180.408726,73.8119663 Z M94.7383398,66.0363218 C95.3864708,65.9320063 96.0513565,66.0540315 96.6172646,66.3811573 C97.9529754,67.153271 98.3979538,68.8417862 97.6111517,70.1525615 L97.6111517,70.1525615 L97.1106718,70.9895001 C93.1228168,77.6836699 89.5186416,84.3457379 86.2981462,90.9757043 C82.49499,98.8051821 78.9260328,107.209292 75.5912744,116.188034 C75.0678608,117.59731 73.4916142,118.336546 72.045419,117.850988 L72.045419,117.850988 L71.2574475,117.584515 C45.4162372,108.782078 35.597644,99.1083195 41.8016679,88.5632391 C47.8700957,78.2486335 65.515653,70.7396611 94.7383398,66.0363218 Z M136.545792,34.4653746 C156.653461,16.8966864 169.722181,13.3874478 175.751952,23.9376587 C181.649935,34.2572826 179.515508,53.0171122 169.348673,80.2171474 C169.123182,80.8204179 168.695414,81.324709 168.139827,81.6422422 C166.828478,82.3917144 165.163975,81.9253986 164.422058,80.6006966 L164.422058,80.6006966 L163.947416,79.7564798 C160.143661,73.0170065 156.180988,66.6198239 152.059398,60.564932 C147.192119,53.4145727 141.71816,46.1758903 135.637521,38.8488847 C134.683122,37.6988602 134.815056,35.9888243 135.934314,35.0020629 L135.934314,35.0020629 Z M90.6842361,18 C102.390255,18 117.291276,29.0909926 135.387298,51.2729777 C135.788651,51.7649527 136.005428,52.3826288 136,53.0184911 C135.986842,54.5193144 134.764215,55.7253489 133.269082,55.7122445 L133.269082,55.7122445 L132.315346,55.7054689 C124.694302,55.6640063 117.285613,55.9284091 110.089277,56.4986773 C101.590961,57.17212 92.7164767,58.325393 83.4658235,59.9584962 C82.0138691,60.2148231 80.6245044,59.2578618 80.3403697,57.805758 L80.3403697,57.805758 L80.1871846,57.0136235 C75.2176347,31.0045412 78.7166519,18 90.6842361,18 Z"
              fill="#FF4154"
            />
          </g>
        </g>
      </svg>
      <span
        style="position: absolute; width: 0.1px; height: 0.1px; overflow: hidden;"
      >
        Open React Query Devtools
      </span>
    </button>
  </aside>
</DocumentFragment>
`;
